warning: no text within stars
    ┌─ miolo.typ:319:167
    │
319 │ - _tília_ — árvore europeia de flores muito perfumadas, com que se faz chá de tília. Em inglês chama-se _lime tree_, e por isso muita gente a confunde com o limoeiro: **ela não dá limão nenhum.** Baucis virou tília.
    │                                                                                                                                                                        ^^
    │
    = hint: using multiple consecutive stars (e.g. **) has no additional effect

warning: no text within stars
    ┌─ miolo.typ:319:193
    │
319 │ - _tília_ — árvore europeia de flores muito perfumadas, com que se faz chá de tília. Em inglês chama-se _lime tree_, e por isso muita gente a confunde com o limoeiro: **ela não dá limão nenhum.** Baucis virou tília.
    │                                                                                                                                                                                                  ^^
    │
    = hint: using multiple consecutive stars (e.g. **) has no additional effect

warning: no text within stars
    ┌─ miolo.typ:999:167
    │
999 │ - _tília_ — árvore europeia de flores muito perfumadas, com que se faz chá de tília. Em inglês chama-se _lime tree_, e por isso muita gente a confunde com o limoeiro: **ela não dá limão nenhum.** Baucis virou tília.
    │                                                                                                                                                                        ^^
    │
    = hint: using multiple consecutive stars (e.g. **) has no additional effect

warning: no text within stars
    ┌─ miolo.typ:999:193
    │
999 │ - _tília_ — árvore europeia de flores muito perfumadas, com que se faz chá de tília. Em inglês chama-se _lime tree_, e por isso muita gente a confunde com o limoeiro: **ela não dá limão nenhum.** Baucis virou tília.
    │                                                                                                                                                                                                  ^^
    │
    = hint: using multiple consecutive stars (e.g. **) has no additional effect

